#-----------------------------------------------------------
# Vivado v2020.2 (64-bit)
# SW Build 3064766 on Wed Nov 18 09:12:45 MST 2020
# IP Build 3064653 on Wed Nov 18 14:17:31 MST 2020
# Start of session at: Thu Jun  6 13:06:08 2024
# Process ID: 26132
# Current directory: C:/Users/atomi/GitHub/hw-viv/div_archive/div32p2_32_0
# Command line: vivado.exe -gui_launcher_event rodinguilauncherevent28440 C:\Users\atomi\GitHub\hw-viv\div_archive\div32p2_32_0\div32p2_32_0_check.xpr
# Log file: C:/Users/atomi/GitHub/hw-viv/div_archive/div32p2_32_0/vivado.log
# Journal file: C:/Users/atomi/GitHub/hw-viv/div_archive/div32p2_32_0\vivado.jou
#-----------------------------------------------------------
start_gui
open_project C:/Users/atomi/GitHub/hw-viv/div_archive/div32p2_32_0/div32p2_32_0_check.xpr
open_bd_design {C:/Users/atomi/GitHub/hw-viv/div_archive/div32p2check/div32p2check.srcs/sources_1/bd/design_1/design_1.bd}
update_compile_order -fileset sources_1
export_ip_user_files -of_objects  [get_files C:/Users/atomi/GitHub/hw-viv/div_archive/div32p2.v] -no_script -reset -force -quiet
remove_files  C:/Users/atomi/GitHub/hw-viv/div_archive/div32p2.v
update_files -from_files C:/Users/atomi/GitHub/hw-viv/div_archive/div32p2_32_0.v -to_files C:/Users/atomi/GitHub/hw-viv/div_archive/div32p2.v -filesets [get_filesets *]
update_module_reference design_1_div32p2_0_0
add_files -norecurse C:/Users/atomi/GitHub/hw-viv/div_archive/div32p2_32_0.v
update_module_reference design_1_div32p2_0_0
update_compile_order -fileset sources_1
launch_runs synth_1 -jobs 6
wait_on_run synth_1
open_run synth_1 -name synth_1
reset_run synth_1
launch_runs synth_1 -jobs 6
wait_on_run synth_1
close_design
open_run synth_1 -name synth_1
reset_run synth_1
update_module_reference design_1_div32p2_0_0
launch_runs synth_1 -jobs 6
wait_on_run synth_1
report_timing_summary -delay_type min_max -report_unconstrained -check_timing_verbose -max_paths 10 -input_pins -routable_nets -name timing_1
close_design
open_run synth_1 -name synth_1
report_timing_summary -delay_type min_max -report_unconstrained -check_timing_verbose -max_paths 10 -input_pins -routable_nets -name timing_1
report_utilization -name utilization_1
reset_run synth_1
update_module_reference design_1_div32p2_0_0
launch_runs synth_1 -jobs 6
wait_on_run synth_1
reset_run synth_1
launch_runs synth_1 -jobs 6
wait_on_run synth_1
close_design
open_run synth_1 -name synth_1
report_utilization -name utilization_1
open_bd_design {C:/Users/atomi/GitHub/hw-viv/div_archive/div32p2check/div32p2check.srcs/sources_1/bd/design_1/design_1.bd}
update_files -from_files C:/Users/atomi/GitHub/hw-viv/div_archive/div32p2_32_0.v -to_files C:/Users/atomi/GitHub/hw-viv/div_archive/div32p2_32_0.v -filesets [get_filesets *]
import_files C:/Users/atomi/GitHub/hw-viv/div_archive/div32p2_32_0.v
reset_run synth_1
launch_runs synth_1 -jobs 6
wait_on_run synth_1
close_design
open_run synth_1 -name synth_1
report_timing_summary -delay_type min_max -report_unconstrained -check_timing_verbose -max_paths 10 -input_pins -routable_nets -name timing_1
